main.c:144:6:showDigit	32	static
main.c:171:6:showColon	32	static
main.c:199:6:showSlash	32	static
main.c:227:6:clearScreen	16	static
main.c:241:5:main	88	static
main.c:381:6:SystemClock_Config	120	static
main.c:441:13:MX_ETH_Init	8	static
main.c:490:13:MX_RTC_Init	32	static
main.c:553:13:MX_SPI1_Init	8	static
main.c:601:13:MX_USART3_UART_Init	8	static
main.c:649:13:MX_USB_OTG_FS_PCD_Init	8	static
main.c:683:13:MX_DMA_Init	16	static
main.c:701:13:MX_GPIO_Init	56	static
main.c:746:6:Error_Handler	4	static,ignoring_inline_asm
