main.c:150:6:clearPosition	16	static
main.c:157:6:drawCircle	32	static
main.c:171:6:circle	40	static
main.c:188:6:coodinate2framememory	24	static
main.c:206:6:convert2euler	56	static
main.c:234:6:showDigit	32	static
main.c:261:6:showColon	32	static
main.c:289:6:showSlash	32	static
main.c:317:6:clearScreen	16	static
main.c:335:6:HAL_TIM_PWM_PulseFinishedCallback	16	static
main.c:341:6:Set_LED	24	static
main.c:351:6:Set_Brightness	40	static
main.c:370:6:ws2812b_send	32	static
main.c:416:6:Get_Omega	32	static
main.c:442:6:Set_All_LED	48	static
main.c:469:5:main	112	static
main.c:664:6:SystemClock_Config	120	static
main.c:724:13:MX_ETH_Init	8	static
main.c:773:13:MX_RTC_Init	32	static
main.c:836:13:MX_SPI1_Init	8	static
main.c:884:13:MX_TIM1_Init	112	static
main.c:964:13:MX_USART3_UART_Init	8	static
main.c:1012:13:MX_USB_OTG_FS_PCD_Init	8	static
main.c:1046:13:MX_DMA_Init	16	static
main.c:1073:13:MX_GPIO_Init	56	static
main.c:1119:6:Error_Handler	4	static,ignoring_inline_asm
